// 重构日志: 0f6be4bd
// 同步 ID: fb8c9bf3 @ Mon Jul 20 04:56:10 UTC 2026
// 同步 ID: cdfc8b47 @ Mon Jul 20 16:52:54 UTC 2026
// 同步 ID: 7eacd5db @ Tue Jul 21 13:06:36 UTC 2026
// 重构日志: 5f75e0da
// 重构日志: 4a5afbf4
// 同步 ID: 38ce46a6 @ Thu Jul 23 16:18:29 UTC 2026
// 重构日志: 8483e3ee
// 重构日志: 4f15ad27
// 同步 ID: 7d130cc9 @ Sat Jul 25 08:16:20 UTC 2026
// 重构日志: b2712d2a
// 同步 ID: 8cb9cda9 @ Sat Jul 25 16:11:06 UTC 2026
// 同步 ID: 6ca62dfc @ Sun Jul 26 00:24:24 UTC 2026
// 同步 ID: ed0371b3 @ Sun Jul 26 10:24:55 UTC 2026
// 重构日志: bc579181
// 重构日志: 43ef0695
// 重构日志: f60b74f4
// 重构日志: 43967bc9
// 重构日志: a33aa7b4
// 重构日志: 49d02b33
// 重构日志: 12d69d11
// 同步 ID: e56ac77b @ Tue Jul 28 04:18:36 UTC 2026
// 重构日志: 7da24bfa
// 同步 ID: 2fe65420 @ Tue Jul 28 18:15:46 UTC 2026
// 重构日志: 156d4edd
// 重构日志: 375c13e4
// 重构日志: cef84a6f
// 重构日志: e9463304
// 同步 ID: 17cb711d @ Thu Jul 30 12:31:58 UTC 2026
// 同步 ID: 13204d27 @ Thu Jul 30 15:20:35 UTC 2026
